Using cpu or mps
Args in experiment:
[1mBasic Config[0m
  Task Name:          long_term_forecast  Is Training:        1                   
  Model ID:           EASTMONEY_96_24     Model:              revin-DLinear       

[1mData Loader[0m
  Data:               custom              Root Path:          ./dataset/          
  Data Path:          EASTMONEY-2016-2025.csvFeatures:           MS                  
  Target:             Close               Freq:               b                   
  Checkpoints:        ./checkpoints/      

[1mForecasting Task[0m
  Seq Len:            96                  Label Len:          48                  
  Pred Len:           24                  Seasonal Patterns:  Monthly             
  Inverse:            0                   

[1mModel Parameters[0m
  Top k:              5                   Num Kernels:        6                   
  Enc In:             4                   Dec In:             4                   
  C Out:              1                   d model:            32                  
  n heads:            8                   e layers:           2                   
  d layers:           1                   d FF:               2048                
  Moving Avg:         25                  Factor:             1                   
  Distil:             1                   Dropout:            0.1                 
  Embed:              timeF               Activation:         gelu                

[1mRun Parameters[0m
  Num Workers:        10                  Itr:                1                   
  Train Epochs:       30                  Batch Size:         32                  
  Patience:           5                   Learning Rate:      0.0001              
  Des:                test                Loss:               MSE                 
  Lradj:              cosine              Use Amp:            0                   

[1mGPU[0m
  Use GPU:            0                   GPU:                0                   
  Use Multi GPU:      0                   Devices:            0,1,2,3             

[1mDe-stationary Projector Params[0m
  P Hidden Dims:      128, 128            P Hidden Layers:    2                   

Use CPU
[Lazy Loading] revin-DLinear ...
>>>>>>>start training : long_term_forecast_EASTMONEY_96_24_revin-DLinear_custom_ftMS_sl96_ll48_pl24_dm32_nh8_el2_dl1_df2048_expand2_dc4_fc1_ebtimeF_dtTrue_test_seed2021_0>>>>>>>>>>>>>>>>>>>>>>>>>>
train 1563
val 218
test 457
Epoch: 1 cost time: 29.449989795684814
Epoch: 1, Steps: 49 | Train Loss: 0.2075454 Vali Loss: 0.0968764 Test Loss: 0.2853999
Validation loss decreased (inf --> 0.096876).  Saving model ...
Updating learning rate to 9.972609476841367e-05
Epoch: 2 cost time: 28.164847373962402
Epoch: 2, Steps: 49 | Train Loss: 0.1697879 Vali Loss: 0.0827566 Test Loss: 0.2457991
Validation loss decreased (0.096876 --> 0.082757).  Saving model ...
Updating learning rate to 9.890738003669029e-05
Epoch: 3 cost time: 30.16609764099121
Epoch: 3, Steps: 49 | Train Loss: 0.1477395 Vali Loss: 0.0756496 Test Loss: 0.2216394
Validation loss decreased (0.082757 --> 0.075650).  Saving model ...
Updating learning rate to 9.755282581475769e-05
Epoch: 4 cost time: 28.45856761932373
Epoch: 4, Steps: 49 | Train Loss: 0.1353274 Vali Loss: 0.0701082 Test Loss: 0.2063417
Validation loss decreased (0.075650 --> 0.070108).  Saving model ...
Updating learning rate to 9.567727288213005e-05
Epoch: 5 cost time: 29.92023801803589
Epoch: 5, Steps: 49 | Train Loss: 0.1275774 Vali Loss: 0.0658665 Test Loss: 0.1944725
Validation loss decreased (0.070108 --> 0.065867).  Saving model ...
Updating learning rate to 9.330127018922194e-05
Epoch: 6 cost time: 30.173535585403442
Epoch: 6, Steps: 49 | Train Loss: 0.1226984 Vali Loss: 0.0629429 Test Loss: 0.1849622
Validation loss decreased (0.065867 --> 0.062943).  Saving model ...
Updating learning rate to 9.045084971874738e-05
Epoch: 7 cost time: 30.108884811401367
Epoch: 7, Steps: 49 | Train Loss: 0.1189623 Vali Loss: 0.0612831 Test Loss: 0.1778478
Validation loss decreased (0.062943 --> 0.061283).  Saving model ...
Updating learning rate to 8.715724127386972e-05
Epoch: 8 cost time: 29.901089191436768
Epoch: 8, Steps: 49 | Train Loss: 0.1151115 Vali Loss: 0.0581961 Test Loss: 0.1718722
Validation loss decreased (0.061283 --> 0.058196).  Saving model ...
Updating learning rate to 8.345653031794292e-05
Epoch: 9 cost time: 29.933154344558716
Epoch: 9, Steps: 49 | Train Loss: 0.1122421 Vali Loss: 0.0568376 Test Loss: 0.1668860
Validation loss decreased (0.058196 --> 0.056838).  Saving model ...
Updating learning rate to 7.938926261462366e-05
Epoch: 10 cost time: 31.178608655929565
Epoch: 10, Steps: 49 | Train Loss: 0.1099067 Vali Loss: 0.0545598 Test Loss: 0.1621561
Validation loss decreased (0.056838 --> 0.054560).  Saving model ...
Updating learning rate to 7.500000000000001e-05
Epoch: 11 cost time: 29.544748783111572
Epoch: 11, Steps: 49 | Train Loss: 0.1079891 Vali Loss: 0.0547533 Test Loss: 0.1586604
EarlyStopping counter: 1 out of 5
Updating learning rate to 7.033683215379002e-05
Epoch: 12 cost time: 32.35417437553406
Epoch: 12, Steps: 49 | Train Loss: 0.1063734 Vali Loss: 0.0542469 Test Loss: 0.1554242
Validation loss decreased (0.054560 --> 0.054247).  Saving model ...
Updating learning rate to 6.545084971874738e-05
Epoch: 13 cost time: 31.53715229034424
Epoch: 13, Steps: 49 | Train Loss: 0.1045037 Vali Loss: 0.0523700 Test Loss: 0.1526635
Validation loss decreased (0.054247 --> 0.052370).  Saving model ...
Updating learning rate to 6.0395584540887963e-05
Epoch: 14 cost time: 31.79926085472107
Epoch: 14, Steps: 49 | Train Loss: 0.1032368 Vali Loss: 0.0517778 Test Loss: 0.1503192
Validation loss decreased (0.052370 --> 0.051778).  Saving model ...
Updating learning rate to 5.522642316338268e-05
Epoch: 15 cost time: 31.224527835845947
Epoch: 15, Steps: 49 | Train Loss: 0.1022677 Vali Loss: 0.0513665 Test Loss: 0.1481162
Validation loss decreased (0.051778 --> 0.051367).  Saving model ...
Updating learning rate to 5e-05
Epoch: 16 cost time: 31.305946350097656
Epoch: 16, Steps: 49 | Train Loss: 0.1008231 Vali Loss: 0.0505517 Test Loss: 0.1463564
Validation loss decreased (0.051367 --> 0.050552).  Saving model ...
Updating learning rate to 4.477357683661734e-05
Epoch: 17 cost time: 30.58488440513611
Epoch: 17, Steps: 49 | Train Loss: 0.1001587 Vali Loss: 0.0497840 Test Loss: 0.1447727
Validation loss decreased (0.050552 --> 0.049784).  Saving model ...
Updating learning rate to 3.960441545911204e-05
Epoch: 18 cost time: 32.07808971405029
Epoch: 18, Steps: 49 | Train Loss: 0.0992324 Vali Loss: 0.0491936 Test Loss: 0.1433256
Validation loss decreased (0.049784 --> 0.049194).  Saving model ...
Updating learning rate to 3.4549150281252636e-05
Epoch: 19 cost time: 30.629528045654297
Epoch: 19, Steps: 49 | Train Loss: 0.0987674 Vali Loss: 0.0493617 Test Loss: 0.1424320
EarlyStopping counter: 1 out of 5
Updating learning rate to 2.9663167846209994e-05
Epoch: 20 cost time: 30.77776312828064
Epoch: 20, Steps: 49 | Train Loss: 0.0981231 Vali Loss: 0.0492214 Test Loss: 0.1414253
EarlyStopping counter: 2 out of 5
Updating learning rate to 2.500000000000001e-05
Epoch: 21 cost time: 31.704508543014526
Epoch: 21, Steps: 49 | Train Loss: 0.0976189 Vali Loss: 0.0493334 Test Loss: 0.1406028
EarlyStopping counter: 3 out of 5
Updating learning rate to 2.061073738537635e-05
Epoch: 22 cost time: 31.937093257904053
Epoch: 22, Steps: 49 | Train Loss: 0.0970861 Vali Loss: 0.0488958 Test Loss: 0.1400157
Validation loss decreased (0.049194 --> 0.048896).  Saving model ...
Updating learning rate to 1.6543469682057106e-05
Epoch: 23 cost time: 31.256848335266113
Epoch: 23, Steps: 49 | Train Loss: 0.0966196 Vali Loss: 0.0485760 Test Loss: 0.1394299
Validation loss decreased (0.048896 --> 0.048576).  Saving model ...
Updating learning rate to 1.2842758726130283e-05
Epoch: 24 cost time: 31.287017345428467
Epoch: 24, Steps: 49 | Train Loss: 0.0962798 Vali Loss: 0.0485772 Test Loss: 0.1390303
EarlyStopping counter: 1 out of 5
Updating learning rate to 9.549150281252633e-06
Epoch: 25 cost time: 30.288246870040894
Epoch: 25, Steps: 49 | Train Loss: 0.0963521 Vali Loss: 0.0485293 Test Loss: 0.1387564
Validation loss decreased (0.048576 --> 0.048529).  Saving model ...
Updating learning rate to 6.698729810778065e-06
Epoch: 26 cost time: 31.21802544593811
Epoch: 26, Steps: 49 | Train Loss: 0.0960346 Vali Loss: 0.0483728 Test Loss: 0.1385247
Validation loss decreased (0.048529 --> 0.048373).  Saving model ...
Updating learning rate to 4.322727117869951e-06
Epoch: 27 cost time: 31.29954957962036
Epoch: 27, Steps: 49 | Train Loss: 0.0959730 Vali Loss: 0.0482871 Test Loss: 0.1384051
Validation loss decreased (0.048373 --> 0.048287).  Saving model ...
Updating learning rate to 2.4471741852423237e-06
Epoch: 28 cost time: 30.985918760299683
Epoch: 28, Steps: 49 | Train Loss: 0.0958398 Vali Loss: 0.0489332 Test Loss: 0.1383172
EarlyStopping counter: 1 out of 5
Updating learning rate to 1.0926199633097157e-06
Epoch: 29 cost time: 30.482162714004517
Epoch: 29, Steps: 49 | Train Loss: 0.0962379 Vali Loss: 0.0482513 Test Loss: 0.1382817
Validation loss decreased (0.048287 --> 0.048251).  Saving model ...
Updating learning rate to 2.7390523158633554e-07
Epoch: 30 cost time: 31.36903142929077
Epoch: 30, Steps: 49 | Train Loss: 0.0958568 Vali Loss: 0.0488688 Test Loss: 0.1382721
EarlyStopping counter: 1 out of 5
Updating learning rate to 0.0
>>>>>>>testing : long_term_forecast_EASTMONEY_96_24_revin-DLinear_custom_ftMS_sl96_ll48_pl24_dm32_nh8_el2_dl1_df2048_expand2_dc4_fc1_ebtimeF_dtTrue_test_seed2021_0<<<<<<<<<<<<<<<<<<<<<<<<<<<<<<<<<
test 457
test shape: (457, 24, 1) (457, 24, 1)
test shape: (457, 24, 1) (457, 24, 1)
mse:0.14295682311058044, mae:0.21788658201694489, rmse:0.3780963122844696, mape:1.659595012664795, mspe:107.74610137939453, r2:0.7383366823196411, dtw:Not calculated, time:16.21s, train_time:1913.28s, inference_time:0.0304ms/sample (457 samples, 0.0139s total), params:4664, trainable_params:4664, gpu_mem_peak_mb:nan

Generating prediction_curves...
  pred.shape=(457, 24, 1), true.shape=(457, 24, 1)
  metrics=[  0.21788658   0.14295682   0.3780963    1.659595   107.7461
   0.7383367 ]
  Saved: C:\Users\26843\Desktop\project\repos\DeReFusion\test_results\long_term_forecast_EASTMONEY_96_24_revin-DLinear_custom_ftMS_sl96_ll48_pl24_dm32_nh8_el2_dl1_df2048_expand2_dc4_fc1_ebtimeF_dtTrue_test_seed2021_0\fig_prediction_curves.png  (352423 bytes)

Generating error_analysis...
  pred.shape=(457, 24, 1), true.shape=(457, 24, 1)
  metrics=[  0.21788658   0.14295682   0.3780963    1.659595   107.7461
   0.7383367 ]
  Saved: C:\Users\26843\Desktop\project\repos\DeReFusion\test_results\long_term_forecast_EASTMONEY_96_24_revin-DLinear_custom_ftMS_sl96_ll48_pl24_dm32_nh8_el2_dl1_df2048_expand2_dc4_fc1_ebtimeF_dtTrue_test_seed2021_0\fig_error_analysis.png  (98680 bytes)

Generating metrics_radar...
  pred.shape=(457, 24, 1), true.shape=(457, 24, 1)
  metrics=[  0.21788658   0.14295682   0.3780963    1.659595   107.7461
   0.7383367 ]
  Saved: C:\Users\26843\Desktop\project\repos\DeReFusion\test_results\long_term_forecast_EASTMONEY_96_24_revin-DLinear_custom_ftMS_sl96_ll48_pl24_dm32_nh8_el2_dl1_df2048_expand2_dc4_fc1_ebtimeF_dtTrue_test_seed2021_0\fig_metrics_radar.png  (137217 bytes)

Generating error_heatmap...
  pred.shape=(457, 24, 1), true.shape=(457, 24, 1)
  metrics=[  0.21788658   0.14295682   0.3780963    1.659595   107.7461
   0.7383367 ]
  Saved: C:\Users\26843\Desktop\project\repos\DeReFusion\test_results\long_term_forecast_EASTMONEY_96_24_revin-DLinear_custom_ftMS_sl96_ll48_pl24_dm32_nh8_el2_dl1_df2048_expand2_dc4_fc1_ebtimeF_dtTrue_test_seed2021_0\fig_error_heatmap.png  (113543 bytes)

Generating pred_true...
  pred.shape=(457, 24, 1), true.shape=(457, 24, 1)
  metrics=[  0.21788658   0.14295682   0.3780963    1.659595   107.7461
   0.7383367 ]
  Saved: C:\Users\26843\Desktop\project\repos\DeReFusion\test_results\long_term_forecast_EASTMONEY_96_24_revin-DLinear_custom_ftMS_sl96_ll48_pl24_dm32_nh8_el2_dl1_df2048_expand2_dc4_fc1_ebtimeF_dtTrue_test_seed2021_0\fig_pred_true.png  (156983 bytes)

Generating dashboard...
  pred.shape=(457, 24, 1), true.shape=(457, 24, 1)
  metrics=[  0.21788658   0.14295682   0.3780963    1.659595   107.7461
   0.7383367 ]
  Saved: C:\Users\26843\Desktop\project\repos\DeReFusion\test_results\long_term_forecast_EASTMONEY_96_24_revin-DLinear_custom_ftMS_sl96_ll48_pl24_dm32_nh8_el2_dl1_df2048_expand2_dc4_fc1_ebtimeF_dtTrue_test_seed2021_0\fig_dashboard.png  (256730 bytes)

Figures complete: 6/6 -> C:\Users\26843\Desktop\project\repos\DeReFusion\test_results\long_term_forecast_EASTMONEY_96_24_revin-DLinear_custom_ftMS_sl96_ll48_pl24_dm32_nh8_el2_dl1_df2048_expand2_dc4_fc1_ebtimeF_dtTrue_test_seed2021_0
