Using cpu or mps
Args in experiment:
[1mBasic Config[0m
  Task Name:          long_term_forecast  Is Training:        1                   
  Model ID:           YANGHE_96_24        Model:              revin-DLinear       

[1mData Loader[0m
  Data:               custom              Root Path:          ./dataset/          
  Data Path:          YANGHE-2016-2025.csvFeatures:           MS                  
  Target:             Close               Freq:               b                   
  Checkpoints:        ./checkpoints/      

[1mForecasting Task[0m
  Seq Len:            96                  Label Len:          48                  
  Pred Len:           24                  Seasonal Patterns:  Monthly             
  Inverse:            0                   

[1mModel Parameters[0m
  Top k:              5                   Num Kernels:        6                   
  Enc In:             4                   Dec In:             4                   
  C Out:              1                   d model:            32                  
  n heads:            8                   e layers:           2                   
  d layers:           1                   d FF:               2048                
  Moving Avg:         25                  Factor:             1                   
  Distil:             1                   Dropout:            0.1                 
  Embed:              timeF               Activation:         gelu                

[1mRun Parameters[0m
  Num Workers:        10                  Itr:                1                   
  Train Epochs:       30                  Batch Size:         32                  
  Patience:           5                   Learning Rate:      0.0001              
  Des:                test                Loss:               MSE                 
  Lradj:              cosine              Use Amp:            0                   

[1mGPU[0m
  Use GPU:            0                   GPU:                0                   
  Use Multi GPU:      0                   Devices:            0,1,2,3             

[1mDe-stationary Projector Params[0m
  P Hidden Dims:      128, 128            P Hidden Layers:    2                   

Use CPU
[Lazy Loading] revin-DLinear ...
>>>>>>>start training : long_term_forecast_YANGHE_96_24_revin-DLinear_custom_ftMS_sl96_ll48_pl24_dm32_nh8_el2_dl1_df2048_expand2_dc4_fc1_ebtimeF_dtTrue_test_seed2021_0>>>>>>>>>>>>>>>>>>>>>>>>>>
train 1566
val 219
test 458
Epoch: 1 cost time: 34.750054597854614
Epoch: 1, Steps: 49 | Train Loss: 0.2110899 Vali Loss: 0.1359355 Test Loss: 0.0370010
Validation loss decreased (inf --> 0.135935).  Saving model ...
Updating learning rate to 9.972609476841367e-05
Epoch: 2 cost time: 32.4631073474884
Epoch: 2, Steps: 49 | Train Loss: 0.1818830 Vali Loss: 0.1105872 Test Loss: 0.0307154
Validation loss decreased (0.135935 --> 0.110587).  Saving model ...
Updating learning rate to 9.890738003669029e-05
Epoch: 3 cost time: 32.3820116519928
Epoch: 3, Steps: 49 | Train Loss: 0.1629454 Vali Loss: 0.0945382 Test Loss: 0.0267660
Validation loss decreased (0.110587 --> 0.094538).  Saving model ...
Updating learning rate to 9.755282581475769e-05
Epoch: 4 cost time: 31.404179334640503
Epoch: 4, Steps: 49 | Train Loss: 0.1496563 Vali Loss: 0.0825663 Test Loss: 0.0243075
Validation loss decreased (0.094538 --> 0.082566).  Saving model ...
Updating learning rate to 9.567727288213005e-05
Epoch: 5 cost time: 33.067981004714966
Epoch: 5, Steps: 49 | Train Loss: 0.1401760 Vali Loss: 0.0747385 Test Loss: 0.0227711
Validation loss decreased (0.082566 --> 0.074738).  Saving model ...
Updating learning rate to 9.330127018922194e-05
Epoch: 6 cost time: 31.947562217712402
Epoch: 6, Steps: 49 | Train Loss: 0.1329178 Vali Loss: 0.0695969 Test Loss: 0.0218369
Validation loss decreased (0.074738 --> 0.069597).  Saving model ...
Updating learning rate to 9.045084971874738e-05
Epoch: 7 cost time: 35.35917854309082
Epoch: 7, Steps: 49 | Train Loss: 0.1274328 Vali Loss: 0.0652750 Test Loss: 0.0208973
Validation loss decreased (0.069597 --> 0.065275).  Saving model ...
Updating learning rate to 8.715724127386972e-05
Epoch: 8 cost time: 31.93654441833496
Epoch: 8, Steps: 49 | Train Loss: 0.1228475 Vali Loss: 0.0627312 Test Loss: 0.0204119
Validation loss decreased (0.065275 --> 0.062731).  Saving model ...
Updating learning rate to 8.345653031794292e-05
Epoch: 9 cost time: 31.94704532623291
Epoch: 9, Steps: 49 | Train Loss: 0.1191964 Vali Loss: 0.0595688 Test Loss: 0.0197632
Validation loss decreased (0.062731 --> 0.059569).  Saving model ...
Updating learning rate to 7.938926261462366e-05
Epoch: 10 cost time: 32.34516215324402
Epoch: 10, Steps: 49 | Train Loss: 0.1162293 Vali Loss: 0.0577927 Test Loss: 0.0194021
Validation loss decreased (0.059569 --> 0.057793).  Saving model ...
Updating learning rate to 7.500000000000001e-05
Epoch: 11 cost time: 32.10055446624756
Epoch: 11, Steps: 49 | Train Loss: 0.1137397 Vali Loss: 0.0564255 Test Loss: 0.0191007
Validation loss decreased (0.057793 --> 0.056426).  Saving model ...
Updating learning rate to 7.033683215379002e-05
Epoch: 12 cost time: 31.550838232040405
Epoch: 12, Steps: 49 | Train Loss: 0.1115714 Vali Loss: 0.0553584 Test Loss: 0.0188013
Validation loss decreased (0.056426 --> 0.055358).  Saving model ...
Updating learning rate to 6.545084971874738e-05
Epoch: 13 cost time: 32.114466428756714
Epoch: 13, Steps: 49 | Train Loss: 0.1098008 Vali Loss: 0.0544830 Test Loss: 0.0184866
Validation loss decreased (0.055358 --> 0.054483).  Saving model ...
Updating learning rate to 6.0395584540887963e-05
Epoch: 14 cost time: 32.0170738697052
Epoch: 14, Steps: 49 | Train Loss: 0.1082077 Vali Loss: 0.0532620 Test Loss: 0.0183232
Validation loss decreased (0.054483 --> 0.053262).  Saving model ...
Updating learning rate to 5.522642316338268e-05
Epoch: 15 cost time: 33.32944178581238
Epoch: 15, Steps: 49 | Train Loss: 0.1067591 Vali Loss: 0.0530663 Test Loss: 0.0181300
Validation loss decreased (0.053262 --> 0.053066).  Saving model ...
Updating learning rate to 5e-05
Epoch: 16 cost time: 33.36821484565735
Epoch: 16, Steps: 49 | Train Loss: 0.1056261 Vali Loss: 0.0523066 Test Loss: 0.0179919
Validation loss decreased (0.053066 --> 0.052307).  Saving model ...
Updating learning rate to 4.477357683661734e-05
Epoch: 17 cost time: 33.20717000961304
Epoch: 17, Steps: 49 | Train Loss: 0.1047232 Vali Loss: 0.0518110 Test Loss: 0.0178875
Validation loss decreased (0.052307 --> 0.051811).  Saving model ...
Updating learning rate to 3.960441545911204e-05
Epoch: 18 cost time: 32.99093842506409
Epoch: 18, Steps: 49 | Train Loss: 0.1037918 Vali Loss: 0.0516824 Test Loss: 0.0177632
Validation loss decreased (0.051811 --> 0.051682).  Saving model ...
Updating learning rate to 3.4549150281252636e-05
Epoch: 19 cost time: 32.906636476516724
Epoch: 19, Steps: 49 | Train Loss: 0.1031203 Vali Loss: 0.0512386 Test Loss: 0.0176333
Validation loss decreased (0.051682 --> 0.051239).  Saving model ...
Updating learning rate to 2.9663167846209994e-05
Epoch: 20 cost time: 31.779914140701294
Epoch: 20, Steps: 49 | Train Loss: 0.1024999 Vali Loss: 0.0509634 Test Loss: 0.0176374
Validation loss decreased (0.051239 --> 0.050963).  Saving model ...
Updating learning rate to 2.500000000000001e-05
Epoch: 21 cost time: 31.97635507583618
Epoch: 21, Steps: 49 | Train Loss: 0.1020755 Vali Loss: 0.0507042 Test Loss: 0.0175945
Validation loss decreased (0.050963 --> 0.050704).  Saving model ...
Updating learning rate to 2.061073738537635e-05
Epoch: 22 cost time: 32.04955983161926
Epoch: 22, Steps: 49 | Train Loss: 0.1016526 Vali Loss: 0.0509583 Test Loss: 0.0175137
EarlyStopping counter: 1 out of 5
Updating learning rate to 1.6543469682057106e-05
Epoch: 23 cost time: 31.078944444656372
Epoch: 23, Steps: 49 | Train Loss: 0.1012570 Vali Loss: 0.0504651 Test Loss: 0.0174968
Validation loss decreased (0.050704 --> 0.050465).  Saving model ...
Updating learning rate to 1.2842758726130283e-05
Epoch: 24 cost time: 31.396660804748535
Epoch: 24, Steps: 49 | Train Loss: 0.1010111 Vali Loss: 0.0502544 Test Loss: 0.0174470
Validation loss decreased (0.050465 --> 0.050254).  Saving model ...
Updating learning rate to 9.549150281252633e-06
Epoch: 25 cost time: 31.821401596069336
Epoch: 25, Steps: 49 | Train Loss: 0.1007788 Vali Loss: 0.0501649 Test Loss: 0.0174256
Validation loss decreased (0.050254 --> 0.050165).  Saving model ...
Updating learning rate to 6.698729810778065e-06
Epoch: 26 cost time: 31.866290807724
Epoch: 26, Steps: 49 | Train Loss: 0.1006434 Vali Loss: 0.0501797 Test Loss: 0.0174063
EarlyStopping counter: 1 out of 5
Updating learning rate to 4.322727117869951e-06
Epoch: 27 cost time: 31.01205062866211
Epoch: 27, Steps: 49 | Train Loss: 0.1006143 Vali Loss: 0.0504190 Test Loss: 0.0173977
EarlyStopping counter: 2 out of 5
Updating learning rate to 2.4471741852423237e-06
Epoch: 28 cost time: 30.798484563827515
Epoch: 28, Steps: 49 | Train Loss: 0.1005045 Vali Loss: 0.0504198 Test Loss: 0.0173943
EarlyStopping counter: 3 out of 5
Updating learning rate to 1.0926199633097157e-06
Epoch: 29 cost time: 28.98124098777771
Epoch: 29, Steps: 49 | Train Loss: 0.1004204 Vali Loss: 0.0502907 Test Loss: 0.0173909
EarlyStopping counter: 4 out of 5
Updating learning rate to 2.7390523158633554e-07
Epoch: 30 cost time: 32.630441665649414
Epoch: 30, Steps: 49 | Train Loss: 0.1004723 Vali Loss: 0.0503822 Test Loss: 0.0173901
EarlyStopping counter: 5 out of 5
Early stopping
>>>>>>>testing : long_term_forecast_YANGHE_96_24_revin-DLinear_custom_ftMS_sl96_ll48_pl24_dm32_nh8_el2_dl1_df2048_expand2_dc4_fc1_ebtimeF_dtTrue_test_seed2021_0<<<<<<<<<<<<<<<<<<<<<<<<<<<<<<<<<
test 458
test shape: (458, 24, 1) (458, 24, 1)
test shape: (458, 24, 1) (458, 24, 1)
mse:0.01737188920378685, mae:0.09998966753482819, rmse:0.13180246949195862, mape:0.10890597850084305, mspe:0.02432316727936268, r2:0.7591822147369385, dtw:Not calculated, time:18.67s, train_time:2002.39s, inference_time:0.0371ms/sample (458 samples, 0.0170s total), params:4664, trainable_params:4664, gpu_mem_peak_mb:nan

Generating prediction_curves...
  pred.shape=(458, 24, 1), true.shape=(458, 24, 1)
  metrics=[0.09998967 0.01737189 0.13180247 0.10890598 0.02432317 0.7591822 ]
  Saved: C:\Users\26843\Desktop\project\repos\DeReFusion\test_results\long_term_forecast_YANGHE_96_24_revin-DLinear_custom_ftMS_sl96_ll48_pl24_dm32_nh8_el2_dl1_df2048_expand2_dc4_fc1_ebtimeF_dtTrue_test_seed2021_0\fig_prediction_curves.png  (285350 bytes)

Generating error_analysis...
  pred.shape=(458, 24, 1), true.shape=(458, 24, 1)
  metrics=[0.09998967 0.01737189 0.13180247 0.10890598 0.02432317 0.7591822 ]
  Saved: C:\Users\26843\Desktop\project\repos\DeReFusion\test_results\long_term_forecast_YANGHE_96_24_revin-DLinear_custom_ftMS_sl96_ll48_pl24_dm32_nh8_el2_dl1_df2048_expand2_dc4_fc1_ebtimeF_dtTrue_test_seed2021_0\fig_error_analysis.png  (98121 bytes)

Generating metrics_radar...
  pred.shape=(458, 24, 1), true.shape=(458, 24, 1)
  metrics=[0.09998967 0.01737189 0.13180247 0.10890598 0.02432317 0.7591822 ]
  Saved: C:\Users\26843\Desktop\project\repos\DeReFusion\test_results\long_term_forecast_YANGHE_96_24_revin-DLinear_custom_ftMS_sl96_ll48_pl24_dm32_nh8_el2_dl1_df2048_expand2_dc4_fc1_ebtimeF_dtTrue_test_seed2021_0\fig_metrics_radar.png  (148074 bytes)

Generating error_heatmap...
  pred.shape=(458, 24, 1), true.shape=(458, 24, 1)
  metrics=[0.09998967 0.01737189 0.13180247 0.10890598 0.02432317 0.7591822 ]
  Saved: C:\Users\26843\Desktop\project\repos\DeReFusion\test_results\long_term_forecast_YANGHE_96_24_revin-DLinear_custom_ftMS_sl96_ll48_pl24_dm32_nh8_el2_dl1_df2048_expand2_dc4_fc1_ebtimeF_dtTrue_test_seed2021_0\fig_error_heatmap.png  (124244 bytes)

Generating pred_true...
  pred.shape=(458, 24, 1), true.shape=(458, 24, 1)
  metrics=[0.09998967 0.01737189 0.13180247 0.10890598 0.02432317 0.7591822 ]
  Saved: C:\Users\26843\Desktop\project\repos\DeReFusion\test_results\long_term_forecast_YANGHE_96_24_revin-DLinear_custom_ftMS_sl96_ll48_pl24_dm32_nh8_el2_dl1_df2048_expand2_dc4_fc1_ebtimeF_dtTrue_test_seed2021_0\fig_pred_true.png  (165784 bytes)

Generating dashboard...
  pred.shape=(458, 24, 1), true.shape=(458, 24, 1)
  metrics=[0.09998967 0.01737189 0.13180247 0.10890598 0.02432317 0.7591822 ]
  Saved: C:\Users\26843\Desktop\project\repos\DeReFusion\test_results\long_term_forecast_YANGHE_96_24_revin-DLinear_custom_ftMS_sl96_ll48_pl24_dm32_nh8_el2_dl1_df2048_expand2_dc4_fc1_ebtimeF_dtTrue_test_seed2021_0\fig_dashboard.png  (228072 bytes)

Figures complete: 6/6 -> C:\Users\26843\Desktop\project\repos\DeReFusion\test_results\long_term_forecast_YANGHE_96_24_revin-DLinear_custom_ftMS_sl96_ll48_pl24_dm32_nh8_el2_dl1_df2048_expand2_dc4_fc1_ebtimeF_dtTrue_test_seed2021_0
