Using cpu or mps
Args in experiment:
[1mBasic Config[0m
  Task Name:          long_term_forecast  Is Training:        1                   
  Model ID:           TM_96_24            Model:              DeReFusion          

[1mData Loader[0m
  Data:               custom              Root Path:          ./dataset/          
  Data Path:          TM-2016-2025.csv    Features:           MS                  
  Target:             Close               Freq:               b                   
  Checkpoints:        ./checkpoints/      

[1mForecasting Task[0m
  Seq Len:            96                  Label Len:          48                  
  Pred Len:           24                  Seasonal Patterns:  Monthly             
  Inverse:            0                   

[1mModel Parameters[0m
  Top k:              5                   Num Kernels:        6                   
  Enc In:             4                   Dec In:             4                   
  C Out:              1                   d model:            32                  
  n heads:            8                   e layers:           2                   
  d layers:           1                   d FF:               2048                
  Moving Avg:         25                  Factor:             1                   
  Distil:             1                   Dropout:            0.1                 
  Embed:              timeF               Activation:         gelu                

[1mRun Parameters[0m
  Num Workers:        10                  Itr:                1                   
  Train Epochs:       30                  Batch Size:         32                  
  Patience:           5                   Learning Rate:      0.0001              
  Des:                test                Loss:               MSE                 
  Lradj:              cosine              Use Amp:            0                   

[1mGPU[0m
  Use GPU:            0                   GPU:                0                   
  Use Multi GPU:      0                   Devices:            0,1,2,3             

[1mDe-stationary Projector Params[0m
  P Hidden Dims:      128, 128            P Hidden Layers:    2                   

Use CPU
[Lazy Loading] DeReFusion ...
>>>>>>>start training : long_term_forecast_TM_96_24_DeReFusion_custom_ftMS_sl96_ll48_pl24_dm32_nh8_el2_dl1_df2048_expand2_dc4_fc1_ebtimeF_dtTrue_test_seed2021_0>>>>>>>>>>>>>>>>>>>>>>>>>>
train 1640
val 229
test 479
Epoch: 1 cost time: 30.12137246131897
Epoch: 1, Steps: 52 | Train Loss: 0.2172476 Vali Loss: 0.3370969 Test Loss: 0.8451038
Validation loss decreased (inf --> 0.337097).  Saving model ...
Updating learning rate to 9.972609476841367e-05
Epoch: 2 cost time: 31.177066564559937
Epoch: 2, Steps: 52 | Train Loss: 0.1656939 Vali Loss: 0.2129769 Test Loss: 0.6629037
Validation loss decreased (0.337097 --> 0.212977).  Saving model ...
Updating learning rate to 9.890738003669029e-05
Epoch: 3 cost time: 31.256800651550293
Epoch: 3, Steps: 52 | Train Loss: 0.1390556 Vali Loss: 0.1857847 Test Loss: 0.5744007
Validation loss decreased (0.212977 --> 0.185785).  Saving model ...
Updating learning rate to 9.755282581475769e-05
Epoch: 4 cost time: 31.054108142852783
Epoch: 4, Steps: 52 | Train Loss: 0.1245949 Vali Loss: 0.1601806 Test Loss: 0.5231313
Validation loss decreased (0.185785 --> 0.160181).  Saving model ...
Updating learning rate to 9.567727288213005e-05
Epoch: 5 cost time: 30.895301580429077
Epoch: 5, Steps: 52 | Train Loss: 0.1160719 Vali Loss: 0.1629161 Test Loss: 0.4857874
EarlyStopping counter: 1 out of 5
Updating learning rate to 9.330127018922194e-05
Epoch: 6 cost time: 31.944164991378784
Epoch: 6, Steps: 52 | Train Loss: 0.1108635 Vali Loss: 0.1624015 Test Loss: 0.4586258
EarlyStopping counter: 2 out of 5
Updating learning rate to 9.045084971874738e-05
Epoch: 7 cost time: 30.41921615600586
Epoch: 7, Steps: 52 | Train Loss: 0.1044384 Vali Loss: 0.1413246 Test Loss: 0.4368135
Validation loss decreased (0.160181 --> 0.141325).  Saving model ...
Updating learning rate to 8.715724127386972e-05
Epoch: 8 cost time: 33.61228966712952
Epoch: 8, Steps: 52 | Train Loss: 0.1012479 Vali Loss: 0.1570426 Test Loss: 0.4215203
EarlyStopping counter: 1 out of 5
Updating learning rate to 8.345653031794292e-05
Epoch: 9 cost time: 32.00177979469299
Epoch: 9, Steps: 52 | Train Loss: 0.0990533 Vali Loss: 0.1664806 Test Loss: 0.4060843
EarlyStopping counter: 2 out of 5
Updating learning rate to 7.938926261462366e-05
Epoch: 10 cost time: 31.813714742660522
Epoch: 10, Steps: 52 | Train Loss: 0.0950451 Vali Loss: 0.1769230 Test Loss: 0.3972897
EarlyStopping counter: 3 out of 5
Updating learning rate to 7.500000000000001e-05
Epoch: 11 cost time: 32.38530087471008
Epoch: 11, Steps: 52 | Train Loss: 0.0938839 Vali Loss: 0.1536309 Test Loss: 0.3883994
EarlyStopping counter: 4 out of 5
Updating learning rate to 7.033683215379002e-05
Epoch: 12 cost time: 31.687683820724487
Epoch: 12, Steps: 52 | Train Loss: 0.0912341 Vali Loss: 0.1491689 Test Loss: 0.3788758
EarlyStopping counter: 5 out of 5
Early stopping
>>>>>>>testing : long_term_forecast_TM_96_24_DeReFusion_custom_ftMS_sl96_ll48_pl24_dm32_nh8_el2_dl1_df2048_expand2_dc4_fc1_ebtimeF_dtTrue_test_seed2021_0<<<<<<<<<<<<<<<<<<<<<<<<<<<<<<<<<
test 479
test shape: (479, 24, 1) (479, 24, 1)
test shape: (479, 24, 1) (479, 24, 1)
mse:0.43751201033592224, mae:0.49538516998291016, rmse:0.6614469289779663, mape:0.1959102749824524, mspe:0.07049226760864258, r2:0.4587984085083008, dtw:Not calculated, time:16.24s, train_time:769.91s, inference_time:0.1795ms/sample (479 samples, 0.0860s total), params:28436, trainable_params:28436, gpu_mem_peak_mb:nan

Generating prediction_curves...
  pred.shape=(479, 24, 1), true.shape=(479, 24, 1)
  metrics=[0.49538517 0.437512   0.6614469  0.19591027 0.07049227 0.4587984 ]
  Saved: C:\Users\26843\Desktop\project\repos\DeReFusion\test_results\long_term_forecast_TM_96_24_DeReFusion_custom_ftMS_sl96_ll48_pl24_dm32_nh8_el2_dl1_df2048_expand2_dc4_fc1_ebtimeF_dtTrue_test_seed2021_0\fig_prediction_curves.png  (370217 bytes)

Generating error_analysis...
  pred.shape=(479, 24, 1), true.shape=(479, 24, 1)
  metrics=[0.49538517 0.437512   0.6614469  0.19591027 0.07049227 0.4587984 ]
  Saved: C:\Users\26843\Desktop\project\repos\DeReFusion\test_results\long_term_forecast_TM_96_24_DeReFusion_custom_ftMS_sl96_ll48_pl24_dm32_nh8_el2_dl1_df2048_expand2_dc4_fc1_ebtimeF_dtTrue_test_seed2021_0\fig_error_analysis.png  (101920 bytes)

Generating metrics_radar...
  pred.shape=(479, 24, 1), true.shape=(479, 24, 1)
  metrics=[0.49538517 0.437512   0.6614469  0.19591027 0.07049227 0.4587984 ]
  Saved: C:\Users\26843\Desktop\project\repos\DeReFusion\test_results\long_term_forecast_TM_96_24_DeReFusion_custom_ftMS_sl96_ll48_pl24_dm32_nh8_el2_dl1_df2048_expand2_dc4_fc1_ebtimeF_dtTrue_test_seed2021_0\fig_metrics_radar.png  (143179 bytes)

Generating error_heatmap...
  pred.shape=(479, 24, 1), true.shape=(479, 24, 1)
  metrics=[0.49538517 0.437512   0.6614469  0.19591027 0.07049227 0.4587984 ]
  Saved: C:\Users\26843\Desktop\project\repos\DeReFusion\test_results\long_term_forecast_TM_96_24_DeReFusion_custom_ftMS_sl96_ll48_pl24_dm32_nh8_el2_dl1_df2048_expand2_dc4_fc1_ebtimeF_dtTrue_test_seed2021_0\fig_error_heatmap.png  (124409 bytes)

Generating pred_true...
  pred.shape=(479, 24, 1), true.shape=(479, 24, 1)
  metrics=[0.49538517 0.437512   0.6614469  0.19591027 0.07049227 0.4587984 ]
  Saved: C:\Users\26843\Desktop\project\repos\DeReFusion\test_results\long_term_forecast_TM_96_24_DeReFusion_custom_ftMS_sl96_ll48_pl24_dm32_nh8_el2_dl1_df2048_expand2_dc4_fc1_ebtimeF_dtTrue_test_seed2021_0\fig_pred_true.png  (193982 bytes)

Generating dashboard...
  pred.shape=(479, 24, 1), true.shape=(479, 24, 1)
  metrics=[0.49538517 0.437512   0.6614469  0.19591027 0.07049227 0.4587984 ]
  Saved: C:\Users\26843\Desktop\project\repos\DeReFusion\test_results\long_term_forecast_TM_96_24_DeReFusion_custom_ftMS_sl96_ll48_pl24_dm32_nh8_el2_dl1_df2048_expand2_dc4_fc1_ebtimeF_dtTrue_test_seed2021_0\fig_dashboard.png  (237310 bytes)

Figures complete: 6/6 -> C:\Users\26843\Desktop\project\repos\DeReFusion\test_results\long_term_forecast_TM_96_24_DeReFusion_custom_ftMS_sl96_ll48_pl24_dm32_nh8_el2_dl1_df2048_expand2_dc4_fc1_ebtimeF_dtTrue_test_seed2021_0
